
> test
> jest

node.exe : ts-jest[config] 
(WARN) [94mmessage[0m[90m 
TS151001: [0mIf you have 
issues related to imports, 
you should consider setting 
`esModuleInterop` to `true` 
in your TypeScript 
configuration file (usually 
`tsconfig.json`). See https:/
/blogs.msdn.microsoft.com/typ
escript/2018/01/31/announcing
-typescript-2-7/#easier-ecmas
cript-module-interoperability
 for more information.
At line:1 char:1
+ & "C:\Program 
Files\nodejs/node.exe" 
"C:\Program 
Files\nodejs/node_mo ...
+ ~~~~~~~~~~~~~~~~~~~~~~~~~~~
~~~~~~~~~~~~~~~~~~~~~~~~~~~~~
~~~~~~~~~~~~~
    + CategoryInfo           
   : NotSpecified: (ts-jest  
  [config]...re informatio   
 n.:String) [], RemoteExc    
eption
    + FullyQualifiedErrorId  
   : NativeCommandError
 
ts-jest[config] (WARN) 
[94mmessage[0m[90m 
TS151001: [0mIf you have 
issues related to imports, 
you should consider setting 
`esModuleInterop` to `true` 
in your TypeScript 
configuration file (usually 
`tsconfig.json`). See https:/
/blogs.msdn.microsoft.com/typ
escript/2018/01/31/announcing
-typescript-2-7/#easier-ecmas
cript-module-interoperability
 for more information.
ts-jest[config] (WARN) 
[94mmessage[0m[90m 
TS151001: [0mIf you have 
issues related to imports, 
you should consider setting 
`esModuleInterop` to `true` 
in your TypeScript 
configuration file (usually 
`tsconfig.json`). See https:/
/blogs.msdn.microsoft.com/typ
escript/2018/01/31/announcing
-typescript-2-7/#easier-ecmas
cript-module-interoperability
 for more information.
ts-jest[config] (WARN) 
[94mmessage[0m[90m 
TS151001: [0mIf you have 
issues related to imports, 
you should consider setting 
`esModuleInterop` to `true` 
in your TypeScript 
configuration file (usually 
`tsconfig.json`). See https:/
/blogs.msdn.microsoft.com/typ
escript/2018/01/31/announcing
-typescript-2-7/#easier-ecmas
cript-module-interoperability
 for more information.
ts-jest[config] (WARN) 
[94mmessage[0m[90m 
TS151001: [0mIf you have 
issues related to imports, 
you should consider setting 
`esModuleInterop` to `true` 
in your TypeScript 
configuration file (usually 
`tsconfig.json`). See https:/
/blogs.msdn.microsoft.com/typ
escript/2018/01/31/announcing
-typescript-2-7/#easier-ecmas
cript-module-interoperability
 for more information.
ts-jest[config] (WARN) 
[94mmessage[0m[90m 
TS151001: [0mIf you have 
issues related to imports, 
you should consider setting 
`esModuleInterop` to `true` 
in your TypeScript 
configuration file (usually 
`tsconfig.json`). See https:/
/blogs.msdn.microsoft.com/typ
escript/2018/01/31/announcing
-typescript-2-7/#easier-ecmas
cript-module-interoperability
 for more information.
ts-jest[config] (WARN) 
[94mmessage[0m[90m 
TS151001: [0mIf you have 
issues related to imports, 
you should consider setting 
`esModuleInterop` to `true` 
in your TypeScript 
configuration file (usually 
`tsconfig.json`). See https:/
/blogs.msdn.microsoft.com/typ
escript/2018/01/31/announcing
-typescript-2-7/#easier-ecmas
cript-module-interoperability
 for more information.
PASS packages/core/services/w
orkerService.test.ts (18.362 
s)
PASS packages/core/services/c
ustomerService.test.ts 
(18.967 s)
FAIL packages/client/componen
ts/Features.test.tsx
  ΓùÅ Test suite failed to 
run

    [96mpackages/client/comp
onents/Features.test.tsx[0m:
[93m1[0m:[93m8[0m - 
[91merror[0m[90m TS1259: 
[0mModule '"C:/Users/Public/
thelokals.com/node_modules/@t
ypes/react/index"' can only 
be default-imported using 
the 'esModuleInterop' flag

    [7m1[0m import React 
from 'react';
    [7m [0m [91m       
~~~~~[0m

      [96mnode_modules/@type
s/react/index.d.ts[0m:[93m6
6[0m:[93m1[0m
        [7m66[0m export = 
React;
        [7m  [0m 
[96m~~~~~~~~~~~~~~~[0m
        This module is 
declared with 'export =', 
and can only be used with a 
default import when using 
the 'esModuleInterop' flag.
    [96mpackages/client/comp
onents/Features.test.tsx[0m:
[93m3[0m:[93m26[0m - 
[91merror[0m[90m TS6142: 
[0mModule './Features' was 
resolved to 'C:/Users/Public/
thelokals.com/packages/client
/components/Features.tsx', 
but '--jsx' is not set.

    [7m3[0m import { 
Features } from './Features';
    [7m [0m [91m          
               
~~~~~~~~~~~~[0m
    [96mpackages/client/comp
onents/Features.test.tsx[0m:
[93m8[0m:[93m16[0m - 
[91merror[0m[90m TS17004: 
[0mCannot use JSX unless 
the '--jsx' flag is provided.

    [7m8[0m         
render(<Features />);
    [7m [0m [91m          
     ~~~~~~~~~~~~[0m
    [96mpackages/client/comp
onents/Features.test.tsx[0m:
[93m13[0m:[93m16[0m - 
[91merror[0m[90m TS17004: 
[0mCannot use JSX unless 
the '--jsx' flag is provided.

    [7m13[0m         
render(<Features />);
    [7m  [0m [91m         
      ~~~~~~~~~~~~[0m
    [96mpackages/client/comp
onents/Features.test.tsx[0m:
[93m21[0m:[93m16[0m - 
[91merror[0m[90m TS17004: 
[0mCannot use JSX unless 
the '--jsx' flag is provided.

    [7m21[0m         
render(<Features />);
    [7m  [0m [91m         
      ~~~~~~~~~~~~[0m

FAIL packages/client/componen
ts/HowItWorks.test.tsx
  ΓùÅ Test suite failed to 
run

    [96mpackages/client/comp
onents/HowItWorks.test.tsx[0
m:[93m1[0m:[93m8[0m - 
[91merror[0m[90m TS1259: 
[0mModule '"C:/Users/Public/
thelokals.com/node_modules/@t
ypes/react/index"' can only 
be default-imported using 
the 'esModuleInterop' flag

    [7m1[0m import React 
from 'react';
    [7m [0m [91m       
~~~~~[0m

      [96mnode_modules/@type
s/react/index.d.ts[0m:[93m6
6[0m:[93m1[0m
        [7m66[0m export = 
React;
        [7m  [0m 
[96m~~~~~~~~~~~~~~~[0m
        This module is 
declared with 'export =', 
and can only be used with a 
default import when using 
the 'esModuleInterop' flag.
    [96mpackages/client/comp
onents/HowItWorks.test.tsx[0
m:[93m3[0m:[93m28[0m - 
[91merror[0m[90m TS6142: 
[0mModule './HowItWorks' 
was resolved to 'C:/Users/Pub
lic/thelokals.com/packages/cl
ient/components/HowItWorks.ts
x', but '--jsx' is not set.

    [7m3[0m import { 
HowItWorks } from 
'./HowItWorks';
    [7m [0m [91m          
                 
~~~~~~~~~~~~~~[0m
    [96mpackages/client/comp
onents/HowItWorks.test.tsx[0
m:[93m8[0m:[93m16[0m - 
[91merror[0m[90m TS17004: 
[0mCannot use JSX unless 
the '--jsx' flag is provided.

    [7m8[0m         
render(<HowItWorks />);
    [7m [0m [91m          
     ~~~~~~~~~~~~~~[0m
    [96mpackages/client/comp
onents/HowItWorks.test.tsx[0
m:[93m13[0m:[93m16[0m - 
[91merror[0m[90m TS17004: 
[0mCannot use JSX unless 
the '--jsx' flag is provided.

    [7m13[0m         
render(<HowItWorks />);
    [7m  [0m [91m         
      ~~~~~~~~~~~~~~[0m
    [96mpackages/client/comp
onents/HowItWorks.test.tsx[0
m:[93m20[0m:[93m16[0m - 
[91merror[0m[90m TS17004: 
[0mCannot use JSX unless 
the '--jsx' flag is provided.

    [7m20[0m         
render(<HowItWorks />);
    [7m  [0m [91m         
      ~~~~~~~~~~~~~~[0m

FAIL packages/provider/compon
ents/Header.test.tsx
  ΓùÅ Test suite failed to 
run

    [96mpackages/provider/co
mponents/Header.test.tsx[0m:
[93m1[0m:[93m8[0m - 
[91merror[0m[90m TS1259: 
[0mModule '"C:/Users/Public/
thelokals.com/node_modules/@t
ypes/react/index"' can only 
be default-imported using 
the 'esModuleInterop' flag

    [7m1[0m import React 
from 'react';
    [7m [0m [91m       
~~~~~[0m

      [96mnode_modules/@type
s/react/index.d.ts[0m:[93m6
6[0m:[93m1[0m
        [7m66[0m export = 
React;
        [7m  [0m 
[96m~~~~~~~~~~~~~~~[0m
        This module is 
declared with 'export =', 
and can only be used with a 
default import when using 
the 'esModuleInterop' flag.
    [96mpackages/provider/co
mponents/Header.test.tsx[0m:
[93m4[0m:[93m24[0m - 
[91merror[0m[90m TS6142: 
[0mModule './Header' was 
resolved to 'C:/Users/Public/
thelokals.com/packages/provid
er/components/Header.tsx', 
but '--jsx' is not set.

    [7m4[0m import { 
Header } from './Header';
    [7m [0m [91m          
             ~~~~~~~~~~[0m
    [96mpackages/provider/co
mponents/Header.test.tsx[0m:
[93m10[0m:[93m13[0m - 
[91merror[0m[90m TS17004: 
[0mCannot use JSX unless 
the '--jsx' flag is provided.

    [7m10[0m             
<BrowserRouter>
    [7m  [0m [91m         
   ~~~~~~~~~~~~~~~[0m
    [96mpackages/provider/co
mponents/Header.test.tsx[0m:
[93m11[0m:[93m17[0m - 
[91merror[0m[90m TS17004: 
[0mCannot use JSX unless 
the '--jsx' flag is provided.

    [7m11[0m               
  <Header 
title="Registration" 
showAutoSaving={true} />
    [7m  [0m [91m         
       ~~~~~~~~~~~~~~~~~~~~~~
~~~~~~~~~~~~~~~~~~~~~~~~~~~~~
~~[0m
    [96mpackages/provider/co
mponents/Header.test.tsx[0m:
[93m21[0m:[93m13[0m - 
[91merror[0m[90m TS17004: 
[0mCannot use JSX unless 
the '--jsx' flag is provided.

    [7m21[0m             
<BrowserRouter>
    [7m  [0m [91m         
   ~~~~~~~~~~~~~~~[0m
    [96mpackages/provider/co
mponents/Header.test.tsx[0m:
[93m22[0m:[93m17[0m - 
[91merror[0m[90m TS17004: 
[0mCannot use JSX unless 
the '--jsx' flag is provided.

    [7m22[0m               
  <Header 
title="Registration" 
showAutoSaving={true} />
    [7m  [0m [91m         
       ~~~~~~~~~~~~~~~~~~~~~~
~~~~~~~~~~~~~~~~~~~~~~~~~~~~~
~~[0m
    [96mpackages/provider/co
mponents/Header.test.tsx[0m:
[93m31[0m:[93m13[0m - 
[91merror[0m[90m TS17004: 
[0mCannot use JSX unless 
the '--jsx' flag is provided.

    [7m31[0m             
<BrowserRouter>
    [7m  [0m [91m         
   ~~~~~~~~~~~~~~~[0m
    [96mpackages/provider/co
mponents/Header.test.tsx[0m:
[93m32[0m:[93m17[0m - 
[91merror[0m[90m TS17004: 
[0mCannot use JSX unless 
the '--jsx' flag is provided.

    [7m32[0m               
  <Header 
title="Registration" 
showAutoSaving={true} />
    [7m  [0m [91m         
       ~~~~~~~~~~~~~~~~~~~~~~
~~~~~~~~~~~~~~~~~~~~~~~~~~~~~
~~[0m
    [96mpackages/provider/co
mponents/Header.test.tsx[0m:
[93m41[0m:[93m13[0m - 
[91merror[0m[90m TS17004: 
[0mCannot use JSX unless 
the '--jsx' flag is provided.

    [7m41[0m             
<BrowserRouter>
    [7m  [0m [91m         
   ~~~~~~~~~~~~~~~[0m
    [96mpackages/provider/co
mponents/Header.test.tsx[0m:
[93m42[0m:[93m17[0m - 
[91merror[0m[90m TS17004: 
[0mCannot use JSX unless 
the '--jsx' flag is provided.

    [7m42[0m               
  <Header 
title="Registration" 
showAutoSaving={false} />
    [7m  [0m [91m         
       ~~~~~~~~~~~~~~~~~~~~~~
~~~~~~~~~~~~~~~~~~~~~~~~~~~~~
~~~[0m

FAIL packages/client/componen
ts/Header.minimal.test.tsx
  ΓùÅ Test suite failed to 
run

    [96mpackages/client/comp
onents/Header.minimal.test.ts
x[0m:[93m1[0m:[93m8[0m 
- [91merror[0m[90m 
TS1259: [0mModule '"C:/Users
/Public/thelokals.com/node_mo
dules/@types/react/index"' 
can only be default-imported 
using the 'esModuleInterop' 
flag

    [7m1[0m import React 
from 'react';
    [7m [0m [91m       
~~~~~[0m

      [96mnode_modules/@type
s/react/index.d.ts[0m:[93m6
6[0m:[93m1[0m
        [7m66[0m export = 
React;
        [7m  [0m 
[96m~~~~~~~~~~~~~~~[0m
        This module is 
declared with 'export =', 
and can only be used with a 
default import when using 
the 'esModuleInterop' flag.
    [96mpackages/client/comp
onents/Header.minimal.test.ts
x[0m:[93m4[0m:[93m24[0m 
- [91merror[0m[90m 
TS6142: [0mModule 
'./Header' was resolved to 'C
:/Users/Public/thelokals.com/
packages/client/components/He
ader.tsx', but '--jsx' is 
not set.

    [7m4[0m import { 
Header } from './Header';
    [7m [0m [91m          
             ~~~~~~~~~~[0m
    [96mpackages/client/comp
onents/Header.minimal.test.ts
x[0m:[93m22[0m:[93m13[0m
 - [91merror[0m[90m 
TS17004: [0mCannot use JSX 
unless the '--jsx' flag is 
provided.

    [7m22[0m             
<BrowserRouter>
    [7m  [0m [91m         
   ~~~~~~~~~~~~~~~[0m
    [96mpackages/client/comp
onents/Header.minimal.test.ts
x[0m:[93m23[0m:[93m17[0m
 - [91merror[0m[90m 
TS17004: [0mCannot use JSX 
unless the '--jsx' flag is 
provided.

    [7m 23[0m              
   <Header
    [7m   [0m [91m        
        ~~~~~~~[0m
    [7m 24[0m              
       isHome={true}
    [7m   [0m [91m~~~~~~~~
~~~~~~~~~~~~~~~~~~~~~~~~~[0m
    [7m...[0m 
    [7m 27[0m              
       onSearch={() => { }}
    [7m   [0m [91m~~~~~~~~
~~~~~~~~~~~~~~~~~~~~~~~~~~~~~
~~~[0m
    [7m 28[0m              
   />
    [7m   [0m 
[91m~~~~~~~~~~~~~~~~~~[0m

FAIL packages/client/componen
ts/Header.test.tsx
  ΓùÅ Test suite failed to 
run

    [96mpackages/client/comp
onents/Header.test.tsx[0m:[
93m1[0m:[93m8[0m - 
[91merror[0m[90m TS1259: 
[0mModule '"C:/Users/Public/
thelokals.com/node_modules/@t
ypes/react/index"' can only 
be default-imported using 
the 'esModuleInterop' flag

    [7m1[0m import React 
from 'react';
    [7m [0m [91m       
~~~~~[0m

      [96mnode_modules/@type
s/react/index.d.ts[0m:[93m6
6[0m:[93m1[0m
        [7m66[0m export = 
React;
        [7m  [0m 
[96m~~~~~~~~~~~~~~~[0m
        This module is 
declared with 'export =', 
and can only be used with a 
default import when using 
the 'esModuleInterop' flag.
    [96mpackages/client/comp
onents/Header.test.tsx[0m:[
93m4[0m:[93m24[0m - 
[91merror[0m[90m TS6142: 
[0mModule './Header' was 
resolved to 'C:/Users/Public/
thelokals.com/packages/client
/components/Header.tsx', but 
'--jsx' is not set.

    [7m4[0m import { 
Header } from './Header';
    [7m [0m [91m          
             ~~~~~~~~~~[0m
    [96mpackages/client/comp
onents/Header.test.tsx[0m:[
93m26[0m:[93m13[0m - 
[91merror[0m[90m TS17004: 
[0mCannot use JSX unless 
the '--jsx' flag is provided.

    [7m26[0m             
<BrowserRouter>
    [7m  [0m [91m         
   ~~~~~~~~~~~~~~~[0m
    [96mpackages/client/comp
onents/Header.test.tsx[0m:[
93m27[0m:[93m17[0m - 
[91merror[0m[90m TS17004: 
[0mCannot use JSX unless 
the '--jsx' flag is provided.

    [7m 27[0m              
   <Header
    [7m   [0m [91m        
        ~~~~~~~[0m
    [7m 28[0m              
       isHome={true}
    [7m   [0m [91m~~~~~~~~
~~~~~~~~~~~~~~~~~~~~~~~~~[0m
    [7m...[0m 
    [7m 31[0m              
       
onSearch={mockOnSearch}
    [7m   [0m [91m~~~~~~~~
~~~~~~~~~~~~~~~~~~~~~~~~~~~~~
~~~~~~[0m
    [7m 32[0m              
   />
    [7m   [0m 
[91m~~~~~~~~~~~~~~~~~~[0m
    [96mpackages/client/comp
onents/Header.test.tsx[0m:[
93m42[0m:[93m13[0m - 
[91merror[0m[90m TS17004: 
[0mCannot use JSX unless 
the '--jsx' flag is provided.

    [7m42[0m             
<BrowserRouter>
    [7m  [0m [91m         
   ~~~~~~~~~~~~~~~[0m
    [96mpackages/client/comp
onents/Header.test.tsx[0m:[
93m43[0m:[93m17[0m - 
[91merror[0m[90m TS17004: 
[0mCannot use JSX unless 
the '--jsx' flag is provided.

    [7m 43[0m              
   <Header
    [7m   [0m [91m        
        ~~~~~~~[0m
    [7m 44[0m              
       isHome={false}
    [7m   [0m [91m~~~~~~~~
~~~~~~~~~~~~~~~~~~~~~~~~~~[0
m
    [7m...[0m 
    [7m 47[0m              
       
onSearch={mockOnSearch}
    [7m   [0m [91m~~~~~~~~
~~~~~~~~~~~~~~~~~~~~~~~~~~~~~
~~~~~~[0m
    [7m 48[0m              
   />
    [7m   [0m 
[91m~~~~~~~~~~~~~~~~~~[0m
    [96mpackages/client/comp
onents/Header.test.tsx[0m:[
93m57[0m:[93m13[0m - 
[91merror[0m[90m TS17004: 
[0mCannot use JSX unless 
the '--jsx' flag is provided.

    [7m57[0m             
<BrowserRouter>
    [7m  [0m [91m         
   ~~~~~~~~~~~~~~~[0m
    [96mpackages/client/comp
onents/Header.test.tsx[0m:[
93m58[0m:[93m17[0m - 
[91merror[0m[90m TS17004: 
[0mCannot use JSX unless 
the '--jsx' flag is provided.

    [7m 58[0m              
   <Header
    [7m   [0m [91m        
        ~~~~~~~[0m
    [7m 59[0m              
       isHome={true}
    [7m   [0m [91m~~~~~~~~
~~~~~~~~~~~~~~~~~~~~~~~~~[0m
    [7m...[0m 
    [7m 62[0m              
       
onSearch={mockOnSearch}
    [7m   [0m [91m~~~~~~~~
~~~~~~~~~~~~~~~~~~~~~~~~~~~~~
~~~~~~[0m
    [7m 63[0m              
   />
    [7m   [0m 
[91m~~~~~~~~~~~~~~~~~~[0m

Test Suites: 5 failed, 2 
passed, 7 total
Tests:       4 passed, 4 
total
Snapshots:   0 total
Time:        33.058 s
Ran all test suites.
